{"sessionId": "c865f9", "runId": "features", "hypothesisId": "A", "location": "app.py:load", "message": "Workbook loaded", "data": {"board_count": 15, "punjab_file": "C:\\Users\\Intern\\Downloads\\Final_Dashboard\\Punjab_Federal_SSC_2024-2026_MASTER (1).xlsx"}, "timestamp": 1786534395945}
{"sessionId": "c865f9", "runId": "features", "hypothesisId": "S", "location": "app.py:sidebar", "message": "Sidebar filters rendered", "data": {"board": "Overview \u2014 All Boards", "year": "All Years", "boards": 16}, "timestamp": 1786534395978}
{"sessionId": "c865f9", "runId": "features", "hypothesisId": "J", "location": "app.py:donut_pie", "message": "Pie legend layout", "data": {"labels": 15, "margin_b": 30, "legend_orientation": "v", "legend_y": 0.5}, "timestamp": 1786534396148}
{"sessionId": "c865f9", "runId": "features", "hypothesisId": "J", "location": "app.py:overview_share", "message": "Overview share chart", "data": {"boards": 15, "chart_type": "pie", "legend_orientation": "v", "margin_b": 30}, "timestamp": 1786534396175}
{"sessionId": "c865f9", "runId": "features", "hypothesisId": "G", "location": "app.py:overview", "message": "Overview rendered", "data": {"boards": 15}, "timestamp": 1786534397703}
{"sessionId": "c865f9", "runId": "features", "hypothesisId": "A", "location": "app.py:load", "message": "Workbook loaded", "data": {"board_count": 15, "punjab_file": "C:\\Users\\Intern\\Downloads\\Final_Dashboard\\Punjab_Federal_SSC_2024-2026_MASTER (1).xlsx"}, "timestamp": 1786534412045}
{"sessionId": "c865f9", "runId": "features", "hypothesisId": "A", "location": "app.py:load", "message": "Workbook loaded", "data": {"board_count": 15, "punjab_file": "C:\\Users\\Intern\\Downloads\\Final_Dashboard\\Punjab_Federal_SSC_2024-2026_MASTER (1).xlsx"}, "timestamp": 1786534412851}
{"sessionId": "c865f9", "runId": "features", "hypothesisId": "S", "location": "app.py:sidebar", "message": "Sidebar filters rendered", "data": {"board": "BISE Faisalabad", "year": 2024, "boards": 16}, "timestamp": 1786534412865}
{"sessionId": "c865f9", "runId": "post-fix", "hypothesisId": "B", "location": "app.py:board_totals", "message": "Board totals for selection", "data": {"board": "BISE Faisalabad", "year": 2024, "available_years": [2024, 2025, 2026], "appeared": 146661, "passed": 122813, "pass_pct": 83.74, "boys": 68334, "girls": 78327, "gender_rows": 2, "type_rows": 1, "type_cols": ["Candidate Type", "Appeared", "Passed", "Failed", "Pass %"]}, "timestamp": 1786534412991}
{"sessionId": "c865f9", "runId": "features", "hypothesisId": "J", "location": "app.py:donut_pie", "message": "Pie legend layout", "data": {"labels": 2, "margin_b": 90, "legend_orientation": "h", "legend_y": -0.18}, "timestamp": 1786534413094}
{"sessionId": "c865f9", "runId": "features", "hypothesisId": "J", "location": "app.py:donut_pie", "message": "Pie legend layout", "data": {"labels": 2, "margin_b": 90, "legend_orientation": "h", "legend_y": -0.18}, "timestamp": 1786534413143}
{"sessionId": "c865f9", "runId": "features", "hypothesisId": "K", "location": "app.py:pass_fail_hbar", "message": "Pass/fail bar layout", "data": {"title": false, "showlegend": false, "margin_t": 44, "margin_b": 52}, "timestamp": 1786534413195}
{"sessionId": "c865f9", "runId": "features", "hypothesisId": "K", "location": "app.py:pass_fail_hbar", "message": "Pass/fail bar layout", "data": {"title": false, "showlegend": false, "margin_t": 44, "margin_b": 52}, "timestamp": 1786534413242}
{"sessionId": "c865f9", "runId": "features", "hypothesisId": "I", "location": "app.py:charts_row", "message": "Two-chart rows rendered", "data": {"gender_pie": true, "type_bar": true}, "timestamp": 1786534413255}
{"sessionId": "c865f9", "runId": "features", "hypothesisId": "K", "location": "app.py:pass_fail_hbar", "message": "Pass/fail bar layout", "data": {"title": true, "showlegend": false, "margin_t": 72, "margin_b": 52}, "timestamp": 1786534413448}
{"sessionId": "c865f9", "runId": "features", "hypothesisId": "H", "location": "app.py:board", "message": "Board page rendered", "data": {"board": "BISE Faisalabad", "insights": 4, "pie_sections": 2, "subject_chart": "hbar_full"}, "timestamp": 1786534413605}
{"sessionId": "c865f9", "runId": "features", "hypothesisId": "A", "location": "app.py:load", "message": "Workbook loaded", "data": {"board_count": 15, "punjab_file": "C:\\Users\\Intern\\Downloads\\Final_Dashboard\\Punjab_Federal_SSC_2024-2026_MASTER (1).xlsx"}, "timestamp": 1786534454486}
{"sessionId": "c865f9", "runId": "features", "hypothesisId": "S", "location": "app.py:sidebar", "message": "Sidebar filters rendered", "data": {"board": "BISE Rawalpindi", "year": 2024, "boards": 16}, "timestamp": 1786534454509}
{"sessionId": "c865f9", "runId": "post-fix", "hypothesisId": "B", "location": "app.py:board_totals", "message": "Board totals for selection", "data": {"board": "BISE Rawalpindi", "year": 2024, "available_years": [2024, 2025, 2026], "appeared": 119265, "passed": 87639, "pass_pct": 73.48, "boys": 59285, "girls": 59980, "gender_rows": 2, "type_rows": 2, "type_cols": ["Candidate Type", "Appeared", "Passed", "Failed", "Pass %"]}, "timestamp": 1786534454674}
{"sessionId": "c865f9", "runId": "features", "hypothesisId": "J", "location": "app.py:donut_pie", "message": "Pie legend layout", "data": {"labels": 2, "margin_b": 90, "legend_orientation": "h", "legend_y": -0.18}, "timestamp": 1786534454795}
{"sessionId": "c865f9", "runId": "features", "hypothesisId": "J", "location": "app.py:donut_pie", "message": "Pie legend layout", "data": {"labels": 2, "margin_b": 90, "legend_orientation": "h", "legend_y": -0.18}, "timestamp": 1786534454821}
{"sessionId": "c865f9", "runId": "features", "hypothesisId": "K", "location": "app.py:pass_fail_hbar", "message": "Pass/fail bar layout", "data": {"title": false, "showlegend": false, "margin_t": 44, "margin_b": 52}, "timestamp": 1786534454875}
{"sessionId": "c865f9", "runId": "features", "hypothesisId": "K", "location": "app.py:pass_fail_hbar", "message": "Pass/fail bar layout", "data": {"title": false, "showlegend": false, "margin_t": 44, "margin_b": 52}, "timestamp": 1786534454987}
{"sessionId": "c865f9", "runId": "features", "hypothesisId": "A", "location": "app.py:load", "message": "Workbook loaded", "data": {"board_count": 15, "punjab_file": "C:\\Users\\Intern\\Downloads\\Final_Dashboard\\Punjab_Federal_SSC_2024-2026_MASTER (1).xlsx"}, "timestamp": 1786534458434}
{"sessionId": "c865f9", "runId": "features", "hypothesisId": "S", "location": "app.py:sidebar", "message": "Sidebar filters rendered", "data": {"board": "BISE Rawalpindi", "year": 2026, "boards": 16}, "timestamp": 1786534458450}
{"sessionId": "c865f9", "runId": "post-fix", "hypothesisId": "B", "location": "app.py:board_totals", "message": "Board totals for selection", "data": {"board": "BISE Rawalpindi", "year": 2026, "available_years": [2024, 2025, 2026], "appeared": 120411, "passed": 73829, "pass_pct": 61.31, "boys": 58692, "girls": 61719, "gender_rows": 2, "type_rows": 2, "type_cols": ["Candidate Type", "Appeared", "Passed", "Failed", "Pass %"]}, "timestamp": 1786534458561}
{"sessionId": "c865f9", "runId": "features", "hypothesisId": "J", "location": "app.py:donut_pie", "message": "Pie legend layout", "data": {"labels": 2, "margin_b": 90, "legend_orientation": "h", "legend_y": -0.18}, "timestamp": 1786534458652}
{"sessionId": "c865f9", "runId": "features", "hypothesisId": "J", "location": "app.py:donut_pie", "message": "Pie legend layout", "data": {"labels": 2, "margin_b": 90, "legend_orientation": "h", "legend_y": -0.18}, "timestamp": 1786534458678}
{"sessionId": "c865f9", "runId": "features", "hypothesisId": "K", "location": "app.py:pass_fail_hbar", "message": "Pass/fail bar layout", "data": {"title": false, "showlegend": false, "margin_t": 44, "margin_b": 52}, "timestamp": 1786534458720}
{"sessionId": "c865f9", "runId": "features", "hypothesisId": "K", "location": "app.py:pass_fail_hbar", "message": "Pass/fail bar layout", "data": {"title": false, "showlegend": false, "margin_t": 44, "margin_b": 52}, "timestamp": 1786534458759}
{"sessionId": "c865f9", "runId": "features", "hypothesisId": "I", "location": "app.py:charts_row", "message": "Two-chart rows rendered", "data": {"gender_pie": true, "type_bar": true}, "timestamp": 1786534458772}
{"sessionId": "c865f9", "runId": "features", "hypothesisId": "K", "location": "app.py:pass_fail_hbar", "message": "Pass/fail bar layout", "data": {"title": true, "showlegend": false, "margin_t": 72, "margin_b": 52}, "timestamp": 1786534458906}
{"sessionId": "c865f9", "runId": "features", "hypothesisId": "H", "location": "app.py:board", "message": "Board page rendered", "data": {"board": "BISE Rawalpindi", "insights": 5, "pie_sections": 2, "subject_chart": "hbar_full"}, "timestamp": 1786534459012}
{"sessionId": "c865f9", "runId": "features", "hypothesisId": "A", "location": "app.py:load", "message": "Workbook loaded", "data": {"board_count": 15, "punjab_file": "C:\\Users\\Intern\\Downloads\\Final_Dashboard\\Punjab_Federal_SSC_2024-2026_MASTER (1).xlsx"}, "timestamp": 1786534546462}
{"sessionId": "c865f9", "runId": "features", "hypothesisId": "S", "location": "app.py:sidebar", "message": "Sidebar filters rendered", "data": {"board": "Overview \u2014 All Boards", "year": "All Years", "boards": 16}, "timestamp": 1786534546537}
{"sessionId": "c865f9", "runId": "features", "hypothesisId": "J", "location": "app.py:donut_pie", "message": "Pie legend layout", "data": {"labels": 15, "margin_b": 30, "legend_orientation": "v", "legend_y": 0.5}, "timestamp": 1786534546842}
{"sessionId": "c865f9", "runId": "features", "hypothesisId": "J", "location": "app.py:overview_share", "message": "Overview share chart", "data": {"boards": 15, "chart_type": "pie", "legend_orientation": "v", "margin_b": 30}, "timestamp": 1786534546856}
{"sessionId": "c865f9", "runId": "features", "hypothesisId": "G", "location": "app.py:overview", "message": "Overview rendered", "data": {"boards": 15}, "timestamp": 1786534547646}
{"sessionId": "c865f9", "runId": "features", "hypothesisId": "A", "location": "app.py:load", "message": "Workbook loaded", "data": {"board_count": 15, "punjab_file": "C:\\Users\\Intern\\Downloads\\Final_Dashboard\\Punjab_Federal_SSC_2024-2026_MASTER (1).xlsx"}, "timestamp": 1786534569117}
{"sessionId": "c865f9", "runId": "features", "hypothesisId": "S", "location": "app.py:sidebar", "message": "Sidebar filters rendered", "data": {"board": "Overview \u2014 All Boards", "year": "All Years", "boards": 16}, "timestamp": 1786534569194}
{"sessionId": "c865f9", "runId": "features", "hypothesisId": "J", "location": "app.py:donut_pie", "message": "Pie legend layout", "data": {"labels": 15, "margin_b": 30, "legend_orientation": "v", "legend_y": 0.5}, "timestamp": 1786534569707}
{"sessionId": "c865f9", "runId": "features", "hypothesisId": "J", "location": "app.py:overview_share", "message": "Overview share chart", "data": {"boards": 15, "chart_type": "pie", "legend_orientation": "v", "margin_b": 30}, "timestamp": 1786534569733}
{"sessionId": "c865f9", "runId": "features", "hypothesisId": "G", "location": "app.py:overview", "message": "Overview rendered", "data": {"boards": 15}, "timestamp": 1786534571512}
{"sessionId": "c865f9", "runId": "features", "hypothesisId": "A", "location": "app.py:load", "message": "Workbook loaded", "data": {"board_count": 15, "punjab_file": "C:\\Users\\Intern\\Downloads\\Final_Dashboard\\Punjab_Federal_SSC_2024-2026_MASTER (1).xlsx"}, "timestamp": 1786534583061}
{"sessionId": "c865f9", "runId": "features", "hypothesisId": "S", "location": "app.py:sidebar", "message": "Sidebar filters rendered", "data": {"board": "BISE Rawalpindi", "year": "All Years", "boards": 16}, "timestamp": 1786534583076}
{"sessionId": "c865f9", "runId": "post-fix", "hypothesisId": "B", "location": "app.py:board_totals", "message": "Board totals for selection", "data": {"board": "BISE Rawalpindi", "year": null, "available_years": [2024, 2025, 2026], "appeared": 358969, "passed": 236468, "pass_pct": 65.89, "boys": 176763, "girls": 182206, "gender_rows": 2, "type_rows": 0, "type_cols": ["Candidate Type", "Appeared", "Passed", "Failed", "Pass %"]}, "timestamp": 1786534583263}
{"sessionId": "c865f9", "runId": "features", "hypothesisId": "A", "location": "app.py:load", "message": "Workbook loaded", "data": {"board_count": 15, "punjab_file": "C:\\Users\\Intern\\Downloads\\Final_Dashboard\\Punjab_Federal_SSC_2024-2026_MASTER (1).xlsx"}, "timestamp": 1786534588464}
{"sessionId": "c865f9", "runId": "features", "hypothesisId": "S", "location": "app.py:sidebar", "message": "Sidebar filters rendered", "data": {"board": "BISE Rawalpindi", "year": 2026, "boards": 16}, "timestamp": 1786534588486}
{"sessionId": "c865f9", "runId": "post-fix", "hypothesisId": "B", "location": "app.py:board_totals", "message": "Board totals for selection", "data": {"board": "BISE Rawalpindi", "year": 2026, "available_years": [2024, 2025, 2026], "appeared": 120411, "passed": 73829, "pass_pct": 61.31, "boys": 58692, "girls": 61719, "gender_rows": 2, "type_rows": 2, "type_cols": ["Candidate Type", "Appeared", "Passed", "Failed", "Pass %"]}, "timestamp": 1786534588639}
{"sessionId": "c865f9", "runId": "features", "hypothesisId": "J", "location": "app.py:donut_pie", "message": "Pie legend layout", "data": {"labels": 2, "margin_b": 90, "legend_orientation": "h", "legend_y": -0.18}, "timestamp": 1786534588806}
{"sessionId": "c865f9", "runId": "features", "hypothesisId": "J", "location": "app.py:donut_pie", "message": "Pie legend layout", "data": {"labels": 2, "margin_b": 90, "legend_orientation": "h", "legend_y": -0.18}, "timestamp": 1786534588850}
{"sessionId": "c865f9", "runId": "features", "hypothesisId": "K", "location": "app.py:pass_fail_hbar", "message": "Pass/fail bar layout", "data": {"title": false, "showlegend": false, "margin_t": 44, "margin_b": 52}, "timestamp": 1786534588960}
{"sessionId": "c865f9", "runId": "features", "hypothesisId": "K", "location": "app.py:pass_fail_hbar", "message": "Pass/fail bar layout", "data": {"title": false, "showlegend": false, "margin_t": 44, "margin_b": 52}, "timestamp": 1786534589030}
{"sessionId": "c865f9", "runId": "features", "hypothesisId": "I", "location": "app.py:charts_row", "message": "Two-chart rows rendered", "data": {"gender_pie": true, "type_bar": true}, "timestamp": 1786534589046}
{"sessionId": "c865f9", "runId": "features", "hypothesisId": "K", "location": "app.py:pass_fail_hbar", "message": "Pass/fail bar layout", "data": {"title": true, "showlegend": false, "margin_t": 72, "margin_b": 52}, "timestamp": 1786534589240}
{"sessionId": "c865f9", "runId": "features", "hypothesisId": "H", "location": "app.py:board", "message": "Board page rendered", "data": {"board": "BISE Rawalpindi", "insights": 5, "pie_sections": 2, "subject_chart": "hbar_full"}, "timestamp": 1786534589393}
{"sessionId": "c865f9", "runId": "features", "hypothesisId": "A", "location": "app.py:load", "message": "Workbook loaded", "data": {"board_count": 15, "punjab_file": "C:\\Users\\Intern\\Downloads\\Final_Dashboard\\Punjab_Federal_SSC_2024-2026_MASTER (1).xlsx"}, "timestamp": 1786534630631}
{"sessionId": "c865f9", "runId": "features", "hypothesisId": "S", "location": "app.py:sidebar", "message": "Sidebar filters rendered", "data": {"board": "BISE Rawalpindi", "year": 2025, "boards": 16}, "timestamp": 1786534630651}
{"sessionId": "c865f9", "runId": "post-fix", "hypothesisId": "B", "location": "app.py:board_totals", "message": "Board totals for selection", "data": {"board": "BISE Rawalpindi", "year": 2025, "available_years": [2024, 2025, 2026], "appeared": 119293, "passed": 75000, "pass_pct": 62.87, "boys": 58786, "girls": 60507, "gender_rows": 2, "type_rows": 0, "type_cols": ["Candidate Type", "Appeared", "Passed", "Failed", "Pass %"]}, "timestamp": 1786534630770}
{"sessionId": "c865f9", "runId": "features", "hypothesisId": "J", "location": "app.py:donut_pie", "message": "Pie legend layout", "data": {"labels": 2, "margin_b": 90, "legend_orientation": "h", "legend_y": -0.18}, "timestamp": 1786534630876}
{"sessionId": "c865f9", "runId": "features", "hypothesisId": "J", "location": "app.py:donut_pie", "message": "Pie legend layout", "data": {"labels": 2, "margin_b": 90, "legend_orientation": "h", "legend_y": -0.18}, "timestamp": 1786534630910}
{"sessionId": "c865f9", "runId": "features", "hypothesisId": "K", "location": "app.py:pass_fail_hbar", "message": "Pass/fail bar layout", "data": {"title": false, "showlegend": false, "margin_t": 44, "margin_b": 52}, "timestamp": 1786534630955}
{"sessionId": "c865f9", "runId": "features", "hypothesisId": "I", "location": "app.py:charts_row", "message": "Two-chart rows rendered", "data": {"gender_pie": true, "type_bar": false}, "timestamp": 1786534630983}
{"sessionId": "c865f9", "runId": "features", "hypothesisId": "K", "location": "app.py:pass_fail_hbar", "message": "Pass/fail bar layout", "data": {"title": true, "showlegend": false, "margin_t": 72, "margin_b": 52}, "timestamp": 1786534631115}
{"sessionId": "c865f9", "runId": "features", "hypothesisId": "H", "location": "app.py:board", "message": "Board page rendered", "data": {"board": "BISE Rawalpindi", "insights": 4, "pie_sections": 2, "subject_chart": "hbar_full"}, "timestamp": 1786534631158}
{"sessionId": "c865f9", "runId": "features", "hypothesisId": "A", "location": "app.py:load", "message": "Workbook loaded", "data": {"board_count": 15, "punjab_file": "C:\\Users\\Intern\\Downloads\\Final_Dashboard\\Punjab_Federal_SSC_2024-2026_MASTER (1).xlsx"}, "timestamp": 1786534654878}
{"sessionId": "c865f9", "runId": "features", "hypothesisId": "S", "location": "app.py:sidebar", "message": "Sidebar filters rendered", "data": {"board": "BISE Rawalpindi", "year": 2026, "boards": 16}, "timestamp": 1786534654896}
{"sessionId": "c865f9", "runId": "post-fix", "hypothesisId": "B", "location": "app.py:board_totals", "message": "Board totals for selection", "data": {"board": "BISE Rawalpindi", "year": 2026, "available_years": [2024, 2025, 2026], "appeared": 120411, "passed": 73829, "pass_pct": 61.31, "boys": 58692, "girls": 61719, "gender_rows": 2, "type_rows": 2, "type_cols": ["Candidate Type", "Appeared", "Passed", "Failed", "Pass %"]}, "timestamp": 1786534655021}
{"sessionId": "c865f9", "runId": "features", "hypothesisId": "J", "location": "app.py:donut_pie", "message": "Pie legend layout", "data": {"labels": 2, "margin_b": 90, "legend_orientation": "h", "legend_y": -0.18}, "timestamp": 1786534655129}
{"sessionId": "c865f9", "runId": "features", "hypothesisId": "J", "location": "app.py:donut_pie", "message": "Pie legend layout", "data": {"labels": 2, "margin_b": 90, "legend_orientation": "h", "legend_y": -0.18}, "timestamp": 1786534655163}
{"sessionId": "c865f9", "runId": "features", "hypothesisId": "K", "location": "app.py:pass_fail_hbar", "message": "Pass/fail bar layout", "data": {"title": false, "showlegend": false, "margin_t": 44, "margin_b": 52}, "timestamp": 1786534655244}
{"sessionId": "c865f9", "runId": "features", "hypothesisId": "K", "location": "app.py:pass_fail_hbar", "message": "Pass/fail bar layout", "data": {"title": false, "showlegend": false, "margin_t": 44, "margin_b": 52}, "timestamp": 1786534655345}
{"sessionId": "c865f9", "runId": "features", "hypothesisId": "I", "location": "app.py:charts_row", "message": "Two-chart rows rendered", "data": {"gender_pie": true, "type_bar": true}, "timestamp": 1786534655392}
{"sessionId": "c865f9", "runId": "features", "hypothesisId": "K", "location": "app.py:pass_fail_hbar", "message": "Pass/fail bar layout", "data": {"title": true, "showlegend": false, "margin_t": 72, "margin_b": 52}, "timestamp": 1786534655612}
{"sessionId": "c865f9", "runId": "features", "hypothesisId": "H", "location": "app.py:board", "message": "Board page rendered", "data": {"board": "BISE Rawalpindi", "insights": 5, "pie_sections": 2, "subject_chart": "hbar_full"}, "timestamp": 1786534655769}
{"sessionId": "c865f9", "runId": "features", "hypothesisId": "A", "location": "app.py:load", "message": "Workbook loaded", "data": {"board_count": 15, "punjab_file": "C:\\Users\\Intern\\Downloads\\Final_Dashboard\\Punjab_Federal_SSC_2024-2026_MASTER (1).xlsx"}, "timestamp": 1786534660949}
{"sessionId": "c865f9", "runId": "features", "hypothesisId": "S", "location": "app.py:sidebar", "message": "Sidebar filters rendered", "data": {"board": "BISE Rawalpindi", "year": 2024, "boards": 16}, "timestamp": 1786534660966}
{"sessionId": "c865f9", "runId": "post-fix", "hypothesisId": "B", "location": "app.py:board_totals", "message": "Board totals for selection", "data": {"board": "BISE Rawalpindi", "year": 2024, "available_years": [2024, 2025, 2026], "appeared": 119265, "passed": 87639, "pass_pct": 73.48, "boys": 59285, "girls": 59980, "gender_rows": 2, "type_rows": 2, "type_cols": ["Candidate Type", "Appeared", "Passed", "Failed", "Pass %"]}, "timestamp": 1786534661109}
{"sessionId": "c865f9", "runId": "features", "hypothesisId": "J", "location": "app.py:donut_pie", "message": "Pie legend layout", "data": {"labels": 2, "margin_b": 90, "legend_orientation": "h", "legend_y": -0.18}, "timestamp": 1786534661229}
{"sessionId": "c865f9", "runId": "features", "hypothesisId": "J", "location": "app.py:donut_pie", "message": "Pie legend layout", "data": {"labels": 2, "margin_b": 90, "legend_orientation": "h", "legend_y": -0.18}, "timestamp": 1786534661267}
{"sessionId": "c865f9", "runId": "features", "hypothesisId": "K", "location": "app.py:pass_fail_hbar", "message": "Pass/fail bar layout", "data": {"title": false, "showlegend": false, "margin_t": 44, "margin_b": 52}, "timestamp": 1786534661512}
{"sessionId": "c865f9", "runId": "features", "hypothesisId": "K", "location": "app.py:pass_fail_hbar", "message": "Pass/fail bar layout", "data": {"title": false, "showlegend": false, "margin_t": 44, "margin_b": 52}, "timestamp": 1786534661610}
{"sessionId": "c865f9", "runId": "features", "hypothesisId": "I", "location": "app.py:charts_row", "message": "Two-chart rows rendered", "data": {"gender_pie": true, "type_bar": true}, "timestamp": 1786534661738}
{"sessionId": "c865f9", "runId": "features", "hypothesisId": "K", "location": "app.py:pass_fail_hbar", "message": "Pass/fail bar layout", "data": {"title": true, "showlegend": false, "margin_t": 72, "margin_b": 52}, "timestamp": 1786534661896}
{"sessionId": "c865f9", "runId": "features", "hypothesisId": "H", "location": "app.py:board", "message": "Board page rendered", "data": {"board": "BISE Rawalpindi", "insights": 5, "pie_sections": 2, "subject_chart": "hbar_full"}, "timestamp": 1786534662039}
{"sessionId": "c865f9", "runId": "features", "hypothesisId": "A", "location": "app.py:load", "message": "Workbook loaded", "data": {"board_count": 15, "punjab_file": "C:\\Users\\Intern\\Downloads\\Final_Dashboard\\Punjab_Federal_SSC_2024-2026_MASTER (1).xlsx"}, "timestamp": 1786534674967}
{"sessionId": "c865f9", "runId": "features", "hypothesisId": "S", "location": "app.py:sidebar", "message": "Sidebar filters rendered", "data": {"board": "BISE Bannu", "year": 2024, "boards": 16}, "timestamp": 1786534674982}
{"sessionId": "c865f9", "runId": "post-fix", "hypothesisId": "B", "location": "app.py:board_totals", "message": "Board totals for selection", "data": {"board": "BISE Bannu", "year": 2024, "available_years": [2024, 2025, 2026], "appeared": 30513, "passed": 24222, "pass_pct": 79.38, "boys": 23801, "girls": 6712, "gender_rows": 2, "type_rows": 2, "type_cols": ["Candidate Type", "Appeared", "Passed", "Failed", "Pass %"]}, "timestamp": 1786534675091}
{"sessionId": "c865f9", "runId": "features", "hypothesisId": "J", "location": "app.py:donut_pie", "message": "Pie legend layout", "data": {"labels": 2, "margin_b": 90, "legend_orientation": "h", "legend_y": -0.18}, "timestamp": 1786534675222}
{"sessionId": "c865f9", "runId": "features", "hypothesisId": "J", "location": "app.py:donut_pie", "message": "Pie legend layout", "data": {"labels": 2, "margin_b": 90, "legend_orientation": "h", "legend_y": -0.18}, "timestamp": 1786534675259}
{"sessionId": "c865f9", "runId": "features", "hypothesisId": "K", "location": "app.py:pass_fail_hbar", "message": "Pass/fail bar layout", "data": {"title": false, "showlegend": false, "margin_t": 44, "margin_b": 52}, "timestamp": 1786534675373}
{"sessionId": "c865f9", "runId": "features", "hypothesisId": "K", "location": "app.py:pass_fail_hbar", "message": "Pass/fail bar layout", "data": {"title": false, "showlegend": false, "margin_t": 44, "margin_b": 52}, "timestamp": 1786534675454}
{"sessionId": "c865f9", "runId": "features", "hypothesisId": "I", "location": "app.py:charts_row", "message": "Two-chart rows rendered", "data": {"gender_pie": true, "type_bar": true}, "timestamp": 1786534675477}
{"sessionId": "c865f9", "runId": "features", "hypothesisId": "K", "location": "app.py:pass_fail_hbar", "message": "Pass/fail bar layout", "data": {"title": true, "showlegend": false, "margin_t": 72, "margin_b": 52}, "timestamp": 1786534675677}
{"sessionId": "c865f9", "runId": "features", "hypothesisId": "H", "location": "app.py:board", "message": "Board page rendered", "data": {"board": "BISE Bannu", "insights": 5, "pie_sections": 2, "subject_chart": "hbar_full"}, "timestamp": 1786534675816}
{"sessionId": "c865f9", "runId": "features", "hypothesisId": "A", "location": "app.py:load", "message": "Workbook loaded", "data": {"board_count": 15, "punjab_file": "C:\\Users\\Intern\\Downloads\\Final_Dashboard\\Punjab_Federal_SSC_2024-2026_MASTER (1).xlsx"}, "timestamp": 1786534703095}
{"sessionId": "c865f9", "runId": "features", "hypothesisId": "S", "location": "app.py:sidebar", "message": "Sidebar filters rendered", "data": {"board": "BISE Bannu", "year": 2026, "boards": 16}, "timestamp": 1786534703104}
{"sessionId": "c865f9", "runId": "post-fix", "hypothesisId": "B", "location": "app.py:board_totals", "message": "Board totals for selection", "data": {"board": "BISE Bannu", "year": 2026, "available_years": [2024, 2025, 2026], "appeared": 29240, "passed": 25762, "pass_pct": 88.11, "boys": 22244, "girls": 6996, "gender_rows": 2, "type_rows": 2, "type_cols": ["Candidate Type", "Appeared", "Passed", "Failed", "Pass %"]}, "timestamp": 1786534703168}
{"sessionId": "c865f9", "runId": "features", "hypothesisId": "J", "location": "app.py:donut_pie", "message": "Pie legend layout", "data": {"labels": 2, "margin_b": 90, "legend_orientation": "h", "legend_y": -0.18}, "timestamp": 1786534703255}
{"sessionId": "c865f9", "runId": "features", "hypothesisId": "J", "location": "app.py:donut_pie", "message": "Pie legend layout", "data": {"labels": 2, "margin_b": 90, "legend_orientation": "h", "legend_y": -0.18}, "timestamp": 1786534703291}
{"sessionId": "c865f9", "runId": "features", "hypothesisId": "K", "location": "app.py:pass_fail_hbar", "message": "Pass/fail bar layout", "data": {"title": false, "showlegend": false, "margin_t": 44, "margin_b": 52}, "timestamp": 1786534703327}
{"sessionId": "c865f9", "runId": "features", "hypothesisId": "K", "location": "app.py:pass_fail_hbar", "message": "Pass/fail bar layout", "data": {"title": false, "showlegend": false, "margin_t": 44, "margin_b": 52}, "timestamp": 1786534703373}
{"sessionId": "c865f9", "runId": "features", "hypothesisId": "I", "location": "app.py:charts_row", "message": "Two-chart rows rendered", "data": {"gender_pie": true, "type_bar": true}, "timestamp": 1786534703425}
{"sessionId": "c865f9", "runId": "features", "hypothesisId": "K", "location": "app.py:pass_fail_hbar", "message": "Pass/fail bar layout", "data": {"title": true, "showlegend": false, "margin_t": 72, "margin_b": 52}, "timestamp": 1786534703576}
{"sessionId": "c865f9", "runId": "features", "hypothesisId": "H", "location": "app.py:board", "message": "Board page rendered", "data": {"board": "BISE Bannu", "insights": 5, "pie_sections": 2, "subject_chart": "hbar_full"}, "timestamp": 1786534703740}
{"sessionId": "c865f9", "runId": "features", "hypothesisId": "A", "location": "app.py:load", "message": "Workbook loaded", "data": {"board_count": 15, "punjab_file": "C:\\Users\\Intern\\Downloads\\Final_Dashboard\\Punjab_Federal_SSC_2024-2026_MASTER (1).xlsx"}, "timestamp": 1786534738916}
{"sessionId": "c865f9", "runId": "features", "hypothesisId": "S", "location": "app.py:sidebar", "message": "Sidebar filters rendered", "data": {"board": "BISE Bannu", "year": 2024, "boards": 16}, "timestamp": 1786534738928}
{"sessionId": "c865f9", "runId": "post-fix", "hypothesisId": "B", "location": "app.py:board_totals", "message": "Board totals for selection", "data": {"board": "BISE Bannu", "year": 2024, "available_years": [2024, 2025, 2026], "appeared": 30513, "passed": 24222, "pass_pct": 79.38, "boys": 23801, "girls": 6712, "gender_rows": 2, "type_rows": 2, "type_cols": ["Candidate Type", "Appeared", "Passed", "Failed", "Pass %"]}, "timestamp": 1786534739087}
{"sessionId": "c865f9", "runId": "features", "hypothesisId": "J", "location": "app.py:donut_pie", "message": "Pie legend layout", "data": {"labels": 2, "margin_b": 90, "legend_orientation": "h", "legend_y": -0.18}, "timestamp": 1786534739263}
{"sessionId": "c865f9", "runId": "features", "hypothesisId": "J", "location": "app.py:donut_pie", "message": "Pie legend layout", "data": {"labels": 2, "margin_b": 90, "legend_orientation": "h", "legend_y": -0.18}, "timestamp": 1786534739328}
{"sessionId": "c865f9", "runId": "features", "hypothesisId": "K", "location": "app.py:pass_fail_hbar", "message": "Pass/fail bar layout", "data": {"title": false, "showlegend": false, "margin_t": 44, "margin_b": 52}, "timestamp": 1786534739444}
{"sessionId": "c865f9", "runId": "features", "hypothesisId": "K", "location": "app.py:pass_fail_hbar", "message": "Pass/fail bar layout", "data": {"title": false, "showlegend": false, "margin_t": 44, "margin_b": 52}, "timestamp": 1786534739590}
{"sessionId": "c865f9", "runId": "features", "hypothesisId": "I", "location": "app.py:charts_row", "message": "Two-chart rows rendered", "data": {"gender_pie": true, "type_bar": true}, "timestamp": 1786534739610}
{"sessionId": "c865f9", "runId": "features", "hypothesisId": "K", "location": "app.py:pass_fail_hbar", "message": "Pass/fail bar layout", "data": {"title": true, "showlegend": false, "margin_t": 72, "margin_b": 52}, "timestamp": 1786534739724}
{"sessionId": "c865f9", "runId": "features", "hypothesisId": "H", "location": "app.py:board", "message": "Board page rendered", "data": {"board": "BISE Bannu", "insights": 5, "pie_sections": 2, "subject_chart": "hbar_full"}, "timestamp": 1786534739907}
{"sessionId": "c865f9", "runId": "features", "hypothesisId": "A", "location": "app.py:load", "message": "Workbook loaded", "data": {"board_count": 15, "punjab_file": "C:\\Users\\Intern\\Downloads\\Final_Dashboard\\Punjab_Federal_SSC_2024-2026_MASTER (1).xlsx"}, "timestamp": 1786538029309}
{"sessionId": "c865f9", "runId": "features", "hypothesisId": "S", "location": "app.py:sidebar", "message": "Sidebar filters rendered", "data": {"board": "Overview \u2014 All Boards", "year": "All Years", "boards": 16}, "timestamp": 1786538030385}
{"sessionId": "c865f9", "runId": "features", "hypothesisId": "J", "location": "app.py:donut_pie", "message": "Pie legend layout", "data": {"labels": 15, "margin_b": 30, "legend_orientation": "v", "legend_y": 0.5}, "timestamp": 1786538031713}
{"sessionId": "c865f9", "runId": "features", "hypothesisId": "J", "location": "app.py:overview_share", "message": "Overview share chart", "data": {"boards": 15, "chart_type": "pie", "legend_orientation": "v", "margin_b": 30}, "timestamp": 1786538032729}
{"sessionId": "c865f9", "runId": "features", "hypothesisId": "G", "location": "app.py:overview", "message": "Overview rendered", "data": {"boards": 15}, "timestamp": 1786538034308}
{"sessionId": "c865f9", "runId": "features", "hypothesisId": "A", "location": "app.py:load", "message": "Workbook loaded", "data": {"board_count": 15, "punjab_file": "C:\\Users\\Intern\\Downloads\\Final_Dashboard\\Punjab_Federal_SSC_2024-2026_MASTER (1).xlsx"}, "timestamp": 1786538053349}
{"sessionId": "c865f9", "runId": "features", "hypothesisId": "S", "location": "app.py:sidebar", "message": "Sidebar filters rendered", "data": {"board": "Overview \u2014 All Boards", "year": "All Years", "boards": 16}, "timestamp": 1786538054475}
{"sessionId": "c865f9", "runId": "features", "hypothesisId": "J", "location": "app.py:donut_pie", "message": "Pie legend layout", "data": {"labels": 15, "margin_b": 30, "legend_orientation": "v", "legend_y": 0.5}, "timestamp": 1786538055791}
{"sessionId": "c865f9", "runId": "features", "hypothesisId": "J", "location": "app.py:overview_share", "message": "Overview share chart", "data": {"boards": 15, "chart_type": "pie", "legend_orientation": "v", "margin_b": 30}, "timestamp": 1786538056797}
{"sessionId": "c865f9", "runId": "features", "hypothesisId": "G", "location": "app.py:overview", "message": "Overview rendered", "data": {"boards": 15}, "timestamp": 1786538058697}
{"sessionId": "c865f9", "runId": "features", "hypothesisId": "A", "location": "app.py:load", "message": "Workbook loaded", "data": {"board_count": 15, "punjab_file": "C:\\Users\\Intern\\Downloads\\Final_Dashboard\\Punjab_Federal_SSC_2024-2026_MASTER (1).xlsx"}, "timestamp": 1786538124844}
{"sessionId": "c865f9", "runId": "features", "hypothesisId": "S", "location": "app.py:sidebar", "message": "Sidebar filters rendered", "data": {"board": "BISE Peshawar", "year": "All Years", "boards": 16}, "timestamp": 1786538125885}
{"sessionId": "c865f9", "runId": "post-fix", "hypothesisId": "B", "location": "app.py:board_totals", "message": "Board totals for selection", "data": {"board": "BISE Peshawar", "year": null, "available_years": [2024, 2025, 2026], "appeared": 273874, "passed": 219562, "pass_pct": 80.44, "boys": 178585, "girls": 95289, "gender_rows": 2, "type_rows": 2, "type_cols": ["Candidate Type", "Appeared", "Passed", "Failed", "Pass %"]}, "timestamp": 1786538126983}
{"sessionId": "c865f9", "runId": "features", "hypothesisId": "J", "location": "app.py:donut_pie", "message": "Pie legend layout", "data": {"labels": 2, "margin_b": 90, "legend_orientation": "h", "legend_y": -0.18}, "timestamp": 1786538128174}
{"sessionId": "c865f9", "runId": "features", "hypothesisId": "J", "location": "app.py:donut_pie", "message": "Pie legend layout", "data": {"labels": 2, "margin_b": 90, "legend_orientation": "h", "legend_y": -0.18}, "timestamp": 1786538129203}
{"sessionId": "c865f9", "runId": "features", "hypothesisId": "K", "location": "app.py:pass_fail_hbar", "message": "Pass/fail bar layout", "data": {"title": false, "showlegend": false, "margin_t": 44, "margin_b": 52}, "timestamp": 1786538130246}
{"sessionId": "c865f9", "runId": "features", "hypothesisId": "K", "location": "app.py:pass_fail_hbar", "message": "Pass/fail bar layout", "data": {"title": false, "showlegend": false, "margin_t": 44, "margin_b": 52}, "timestamp": 1786538131275}
{"sessionId": "c865f9", "runId": "features", "hypothesisId": "I", "location": "app.py:charts_row", "message": "Two-chart rows rendered", "data": {"gender_pie": true, "type_bar": true}, "timestamp": 1786538132283}
{"sessionId": "c865f9", "runId": "features", "hypothesisId": "K", "location": "app.py:pass_fail_hbar", "message": "Pass/fail bar layout", "data": {"title": true, "showlegend": false, "margin_t": 72, "margin_b": 52}, "timestamp": 1786538133439}
{"sessionId": "c865f9", "runId": "features", "hypothesisId": "I", "location": "app.py:subject_bar", "message": "Subject horizontal bar rendered", "data": {"subjects": 33, "chart_type": "hbar"}, "timestamp": 1786538134706}
{"sessionId": "c865f9", "runId": "features", "hypothesisId": "H", "location": "app.py:board", "message": "Board page rendered", "data": {"board": "BISE Peshawar", "insights": 6, "pie_sections": 2, "subject_chart": "hbar_full"}, "timestamp": 1786538135718}
{"sessionId": "c865f9", "runId": "features", "hypothesisId": "A", "location": "app.py:load", "message": "Workbook loaded", "data": {"board_count": 15, "punjab_file": "C:\\Users\\Intern\\Downloads\\Final_Dashboard\\Punjab_Federal_SSC_2024-2026_MASTER (1).xlsx"}, "timestamp": 1786597408871}
{"sessionId": "c865f9", "runId": "features", "hypothesisId": "S", "location": "app.py:sidebar", "message": "Sidebar filters rendered", "data": {"board": "Overview \u2014 All Boards", "year": "All Years", "boards": 16}, "timestamp": 1786597410190}
{"sessionId": "c865f9", "runId": "features", "hypothesisId": "J", "location": "app.py:donut_pie", "message": "Pie legend layout", "data": {"labels": 15, "margin_b": 30, "legend_orientation": "v", "legend_y": 0.5}, "timestamp": 1786597411806}
{"sessionId": "c865f9", "runId": "features", "hypothesisId": "J", "location": "app.py:overview_share", "message": "Overview share chart", "data": {"boards": 15, "chart_type": "pie", "legend_orientation": "v", "margin_b": 30}, "timestamp": 1786597412846}
{"sessionId": "c865f9", "runId": "features", "hypothesisId": "G", "location": "app.py:overview", "message": "Overview rendered", "data": {"boards": 15}, "timestamp": 1786597414528}
{"sessionId": "c865f9", "runId": "features", "hypothesisId": "A", "location": "app.py:load", "message": "Workbook loaded", "data": {"board_count": 15, "punjab_file": "C:\\Users\\Intern\\Downloads\\Final_Dashboard\\Punjab_Federal_SSC_2024-2026_MASTER (1).xlsx"}, "timestamp": 1786597449268}
{"sessionId": "c865f9", "runId": "features", "hypothesisId": "S", "location": "app.py:sidebar", "message": "Sidebar filters rendered", "data": {"board": "Overview \u2014 All Boards", "year": "All Years", "boards": 16}, "timestamp": 1786597450383}
{"sessionId": "c865f9", "runId": "features", "hypothesisId": "J", "location": "app.py:donut_pie", "message": "Pie legend layout", "data": {"labels": 15, "margin_b": 30, "legend_orientation": "v", "legend_y": 0.5}, "timestamp": 1786597451739}
{"sessionId": "c865f9", "runId": "features", "hypothesisId": "J", "location": "app.py:overview_share", "message": "Overview share chart", "data": {"boards": 15, "chart_type": "pie", "legend_orientation": "v", "margin_b": 30}, "timestamp": 1786597452754}
{"sessionId": "c865f9", "runId": "features", "hypothesisId": "G", "location": "app.py:overview", "message": "Overview rendered", "data": {"boards": 15}, "timestamp": 1786597455441}
{"sessionId": "c865f9", "runId": "features", "hypothesisId": "A", "location": "app.py:load", "message": "Workbook loaded", "data": {"board_count": 15, "punjab_file": "C:\\Users\\Intern\\Downloads\\Final_Dashboard\\Punjab_Federal_SSC_2024-2026_MASTER (1).xlsx"}, "timestamp": 1786597462241}
{"sessionId": "c865f9", "runId": "features", "hypothesisId": "S", "location": "app.py:sidebar", "message": "Sidebar filters rendered", "data": {"board": "BISE Dera Ghazi Khan", "year": "All Years", "boards": 16}, "timestamp": 1786597463250}
{"sessionId": "c865f9", "runId": "features", "hypothesisId": "A", "location": "app.py:load", "message": "Workbook loaded", "data": {"board_count": 15, "punjab_file": "C:\\Users\\Intern\\Downloads\\Final_Dashboard\\Punjab_Federal_SSC_2024-2026_MASTER (1).xlsx"}, "timestamp": 1786597466909}
{"sessionId": "c865f9", "runId": "features", "hypothesisId": "S", "location": "app.py:sidebar", "message": "Sidebar filters rendered", "data": {"board": "BISE Dera Ghazi Khan", "year": 2026, "boards": 16}, "timestamp": 1786597467913}
{"sessionId": "c865f9", "runId": "post-fix", "hypothesisId": "B", "location": "app.py:board_totals", "message": "Board totals for selection", "data": {"board": "BISE Dera Ghazi Khan", "year": 2026, "available_years": [2024, 2025, 2026], "appeared": 96482, "passed": 75124, "pass_pct": 77.86, "boys": 51756, "girls": 44726, "gender_rows": 2, "type_rows": 0, "type_cols": ["Candidate Type", "Appeared", "Passed", "Failed", "Pass %"]}, "timestamp": 1786597469024}
{"sessionId": "c865f9", "runId": "features", "hypothesisId": "J", "location": "app.py:donut_pie", "message": "Pie legend layout", "data": {"labels": 2, "margin_b": 90, "legend_orientation": "h", "legend_y": -0.18}, "timestamp": 1786597470203}
{"sessionId": "c865f9", "runId": "features", "hypothesisId": "J", "location": "app.py:donut_pie", "message": "Pie legend layout", "data": {"labels": 2, "margin_b": 90, "legend_orientation": "h", "legend_y": -0.18}, "timestamp": 1786597471230}
{"sessionId": "c865f9", "runId": "features", "hypothesisId": "K", "location": "app.py:pass_fail_hbar", "message": "Pass/fail bar layout", "data": {"title": false, "showlegend": false, "margin_t": 44, "margin_b": 52}, "timestamp": 1786597472284}
{"sessionId": "c865f9", "runId": "features", "hypothesisId": "I", "location": "app.py:charts_row", "message": "Two-chart rows rendered", "data": {"gender_pie": true, "type_bar": false}, "timestamp": 1786597473298}
{"sessionId": "c865f9", "runId": "features", "hypothesisId": "K", "location": "app.py:pass_fail_hbar", "message": "Pass/fail bar layout", "data": {"title": true, "showlegend": false, "margin_t": 72, "margin_b": 52}, "timestamp": 1786597474423}
{"sessionId": "c865f9", "runId": "features", "hypothesisId": "I", "location": "app.py:subject_bar", "message": "Subject horizontal bar rendered", "data": {"subjects": 23, "chart_type": "hbar"}, "timestamp": 1786597475630}
{"sessionId": "c865f9", "runId": "features", "hypothesisId": "H", "location": "app.py:board", "message": "Board page rendered", "data": {"board": "BISE Dera Ghazi Khan", "insights": 4, "pie_sections": 2, "subject_chart": "hbar_full"}, "timestamp": 1786597476646}
{"sessionId": "c865f9", "runId": "features", "hypothesisId": "A", "location": "app.py:load", "message": "Workbook loaded", "data": {"board_count": 15, "punjab_file": "None"}, "timestamp": 1786616539346}
{"sessionId": "c865f9", "runId": "features", "hypothesisId": "S", "location": "app.py:sidebar", "message": "Sidebar filters rendered", "data": {"board": "Overview \u2014 All Boards", "year": "All Years", "boards": 16}, "timestamp": 1786616540396}
{"sessionId": "c865f9", "runId": "features", "hypothesisId": "J", "location": "app.py:donut_pie", "message": "Pie legend layout", "data": {"labels": 15, "margin_b": 30, "legend_orientation": "v", "legend_y": 0.5}, "timestamp": 1786616541863}
{"sessionId": "c865f9", "runId": "features", "hypothesisId": "J", "location": "app.py:overview_share", "message": "Overview share chart", "data": {"boards": 15, "chart_type": "pie", "legend_orientation": "v", "margin_b": 30}, "timestamp": 1786616542889}
{"sessionId": "c865f9", "runId": "features", "hypothesisId": "G", "location": "app.py:overview", "message": "Overview rendered", "data": {"boards": 15}, "timestamp": 1786616545324}
{"sessionId": "c865f9", "runId": "features", "hypothesisId": "A", "location": "app.py:load", "message": "Workbook loaded", "data": {"board_count": 15, "punjab_file": "None"}, "timestamp": 1786616589316}
{"sessionId": "c865f9", "runId": "features", "hypothesisId": "S", "location": "app.py:sidebar", "message": "Sidebar filters rendered", "data": {"board": "BISE Bahawalpur", "year": "All Years", "boards": 16}, "timestamp": 1786616590339}
{"sessionId": "c865f9", "runId": "post-fix", "hypothesisId": "B", "location": "app.py:board_totals", "message": "Board totals for selection", "data": {"board": "BISE Bahawalpur", "year": null, "available_years": [2024, 2025, 2026], "appeared": 281978, "passed": 197764, "pass_pct": 70.14, "boys": 133734, "girls": 148244, "gender_rows": 2, "type_rows": 2, "type_cols": ["Candidate Type", "Appeared", "Passed", "Failed", "Pass %"]}, "timestamp": 1786616591473}
{"sessionId": "c865f9", "runId": "features", "hypothesisId": "J", "location": "app.py:donut_pie", "message": "Pie legend layout", "data": {"labels": 2, "margin_b": 90, "legend_orientation": "h", "legend_y": -0.18}, "timestamp": 1786616592841}
{"sessionId": "c865f9", "runId": "features", "hypothesisId": "J", "location": "app.py:donut_pie", "message": "Pie legend layout", "data": {"labels": 2, "margin_b": 90, "legend_orientation": "h", "legend_y": -0.18}, "timestamp": 1786616593882}
{"sessionId": "c865f9", "runId": "features", "hypothesisId": "K", "location": "app.py:pass_fail_hbar", "message": "Pass/fail bar layout", "data": {"title": false, "showlegend": false, "margin_t": 44, "margin_b": 52}, "timestamp": 1786616594933}
{"sessionId": "c865f9", "runId": "features", "hypothesisId": "K", "location": "app.py:pass_fail_hbar", "message": "Pass/fail bar layout", "data": {"title": false, "showlegend": false, "margin_t": 44, "margin_b": 52}, "timestamp": 1786616595979}
{"sessionId": "c865f9", "runId": "features", "hypothesisId": "I", "location": "app.py:charts_row", "message": "Two-chart rows rendered", "data": {"gender_pie": true, "type_bar": true}, "timestamp": 1786616596997}
{"sessionId": "c865f9", "runId": "features", "hypothesisId": "K", "location": "app.py:pass_fail_hbar", "message": "Pass/fail bar layout", "data": {"title": true, "showlegend": false, "margin_t": 72, "margin_b": 52}, "timestamp": 1786616598128}
{"sessionId": "c865f9", "runId": "features", "hypothesisId": "I", "location": "app.py:subject_bar", "message": "Subject horizontal bar rendered", "data": {"subjects": 79, "chart_type": "hbar"}, "timestamp": 1786616599241}
{"sessionId": "c865f9", "runId": "features", "hypothesisId": "H", "location": "app.py:board", "message": "Board page rendered", "data": {"board": "BISE Bahawalpur", "insights": 6, "pie_sections": 2, "subject_chart": "hbar_full"}, "timestamp": 1786616600259}
{"sessionId": "c865f9", "runId": "features", "hypothesisId": "A", "location": "app.py:load", "message": "Workbook loaded", "data": {"board_count": 15, "punjab_file": "None"}, "timestamp": 1786616703513}
{"sessionId": "c865f9", "runId": "features", "hypothesisId": "S", "location": "app.py:sidebar", "message": "Sidebar filters rendered", "data": {"board": "Overview \u2014 All Boards", "year": "All Years", "boards": 16}, "timestamp": 1786616704547}
{"sessionId": "c865f9", "runId": "features", "hypothesisId": "J", "location": "app.py:donut_pie", "message": "Pie legend layout", "data": {"labels": 15, "margin_b": 30, "legend_orientation": "v", "legend_y": 0.5}, "timestamp": 1786616705633}
{"sessionId": "c865f9", "runId": "features", "hypothesisId": "J", "location": "app.py:overview_share", "message": "Overview share chart", "data": {"boards": 15, "chart_type": "pie", "legend_orientation": "v", "margin_b": 30}, "timestamp": 1786616706645}
{"sessionId": "c865f9", "runId": "features", "hypothesisId": "G", "location": "app.py:overview", "message": "Overview rendered", "data": {"boards": 15}, "timestamp": 1786616708779}
{"sessionId": "c865f9", "runId": "features", "hypothesisId": "A", "location": "app.py:load", "message": "Workbook loaded", "data": {"board_count": 15, "punjab_file": "None"}, "timestamp": 1786616782037}
{"sessionId": "c865f9", "runId": "features", "hypothesisId": "S", "location": "app.py:sidebar", "message": "Sidebar filters rendered", "data": {"board": "Overview \u2014 All Boards", "year": "All Years", "boards": 16}, "timestamp": 1786616783083}
{"sessionId": "c865f9", "runId": "features", "hypothesisId": "J", "location": "app.py:donut_pie", "message": "Pie legend layout", "data": {"labels": 15, "margin_b": 30, "legend_orientation": "v", "legend_y": 0.5}, "timestamp": 1786616784182}
{"sessionId": "c865f9", "runId": "features", "hypothesisId": "J", "location": "app.py:overview_share", "message": "Overview share chart", "data": {"boards": 15, "chart_type": "pie", "legend_orientation": "v", "margin_b": 30}, "timestamp": 1786616785193}
{"sessionId": "c865f9", "runId": "features", "hypothesisId": "A", "location": "app.py:load", "message": "Workbook loaded", "data": {"board_count": 15, "punjab_file": "None"}, "timestamp": 1786616789254}
{"sessionId": "c865f9", "runId": "features", "hypothesisId": "S", "location": "app.py:sidebar", "message": "Sidebar filters rendered", "data": {"board": "BISE Bahawalpur", "year": "All Years", "boards": 16}, "timestamp": 1786616790261}
{"sessionId": "c865f9", "runId": "post-fix", "hypothesisId": "B", "location": "app.py:board_totals", "message": "Board totals for selection", "data": {"board": "BISE Bahawalpur", "year": null, "available_years": [2024, 2025, 2026], "appeared": 281978, "passed": 197764, "pass_pct": 70.14, "boys": 133734, "girls": 148244, "gender_rows": 2, "type_rows": 2, "type_cols": ["Candidate Type", "Appeared", "Passed", "Failed", "Pass %"]}, "timestamp": 1786616791367}
{"sessionId": "c865f9", "runId": "features", "hypothesisId": "J", "location": "app.py:donut_pie", "message": "Pie legend layout", "data": {"labels": 2, "margin_b": 90, "legend_orientation": "h", "legend_y": -0.18}, "timestamp": 1786616792732}
{"sessionId": "c865f9", "runId": "features", "hypothesisId": "J", "location": "app.py:donut_pie", "message": "Pie legend layout", "data": {"labels": 2, "margin_b": 90, "legend_orientation": "h", "legend_y": -0.18}, "timestamp": 1786616793770}
{"sessionId": "c865f9", "runId": "features", "hypothesisId": "K", "location": "app.py:pass_fail_hbar", "message": "Pass/fail bar layout", "data": {"title": false, "showlegend": false, "margin_t": 44, "margin_b": 52}, "timestamp": 1786616794824}
{"sessionId": "c865f9", "runId": "features", "hypothesisId": "K", "location": "app.py:pass_fail_hbar", "message": "Pass/fail bar layout", "data": {"title": false, "showlegend": false, "margin_t": 44, "margin_b": 52}, "timestamp": 1786616795860}
{"sessionId": "c865f9", "runId": "features", "hypothesisId": "I", "location": "app.py:charts_row", "message": "Two-chart rows rendered", "data": {"gender_pie": true, "type_bar": true}, "timestamp": 1786616796879}
{"sessionId": "c865f9", "runId": "features", "hypothesisId": "K", "location": "app.py:pass_fail_hbar", "message": "Pass/fail bar layout", "data": {"title": true, "showlegend": false, "margin_t": 72, "margin_b": 52}, "timestamp": 1786616798016}
{"sessionId": "c865f9", "runId": "features", "hypothesisId": "I", "location": "app.py:subject_bar", "message": "Subject horizontal bar rendered", "data": {"subjects": 79, "chart_type": "hbar"}, "timestamp": 1786616799128}
{"sessionId": "c865f9", "runId": "features", "hypothesisId": "H", "location": "app.py:board", "message": "Board page rendered", "data": {"board": "BISE Bahawalpur", "insights": 6, "pie_sections": 2, "subject_chart": "hbar_full"}, "timestamp": 1786616800147}
{"sessionId": "c865f9", "runId": "features", "hypothesisId": "A", "location": "app.py:load", "message": "Workbook loaded", "data": {"board_count": 15, "punjab_file": "None"}, "timestamp": 1786616843863}
{"sessionId": "c865f9", "runId": "features", "hypothesisId": "S", "location": "app.py:sidebar", "message": "Sidebar filters rendered", "data": {"board": "Overview \u2014 All Boards", "year": "All Years", "boards": 16}, "timestamp": 1786616844893}
{"sessionId": "c865f9", "runId": "features", "hypothesisId": "J", "location": "app.py:donut_pie", "message": "Pie legend layout", "data": {"labels": 15, "margin_b": 30, "legend_orientation": "v", "legend_y": 0.5}, "timestamp": 1786616845993}
{"sessionId": "c865f9", "runId": "features", "hypothesisId": "J", "location": "app.py:overview_share", "message": "Overview share chart", "data": {"boards": 15, "chart_type": "pie", "legend_orientation": "v", "margin_b": 30}, "timestamp": 1786616847013}
{"sessionId": "c865f9", "runId": "features", "hypothesisId": "G", "location": "app.py:overview", "message": "Overview rendered", "data": {"boards": 15}, "timestamp": 1786616849138}
{"sessionId": "c865f9", "runId": "features", "hypothesisId": "A", "location": "app.py:load", "message": "Workbook loaded", "data": {"board_count": 15, "punjab_file": "None"}, "timestamp": 1786616905734}
{"sessionId": "c865f9", "runId": "features", "hypothesisId": "S", "location": "app.py:sidebar", "message": "Sidebar filters rendered", "data": {"board": "BISE Abbottabad", "year": "All Years", "boards": 16}, "timestamp": 1786616906755}
{"sessionId": "c865f9", "runId": "post-fix", "hypothesisId": "B", "location": "app.py:board_totals", "message": "Board totals for selection", "data": {"board": "BISE Abbottabad", "year": null, "available_years": [2024, 2025, 2026], "appeared": 216983, "passed": 173447, "pass_pct": 47.96, "boys": 0, "girls": 0, "gender_rows": 0, "type_rows": 0, "type_cols": ["Candidate Type", "Appeared", "Passed", "Failed", "Pass %"]}, "timestamp": 1786616907836}
{"sessionId": "c865f9", "runId": "features", "hypothesisId": "J", "location": "app.py:donut_pie", "message": "Pie legend layout", "data": {"labels": 2, "margin_b": 90, "legend_orientation": "h", "legend_y": -0.18}, "timestamp": 1786616909149}
{"sessionId": "c865f9", "runId": "features", "hypothesisId": "I", "location": "app.py:charts_row", "message": "Two-chart rows rendered", "data": {"gender_pie": false, "type_bar": false}, "timestamp": 1786616910165}
{"sessionId": "c865f9", "runId": "features", "hypothesisId": "K", "location": "app.py:pass_fail_hbar", "message": "Pass/fail bar layout", "data": {"title": true, "showlegend": false, "margin_t": 72, "margin_b": 52}, "timestamp": 1786616911331}
{"sessionId": "c865f9", "runId": "features", "hypothesisId": "I", "location": "app.py:subject_bar", "message": "Subject horizontal bar rendered", "data": {"subjects": 25, "chart_type": "hbar"}, "timestamp": 1786616912525}
{"sessionId": "c865f9", "runId": "features", "hypothesisId": "H", "location": "app.py:board", "message": "Board page rendered", "data": {"board": "BISE Abbottabad", "insights": 4, "pie_sections": 2, "subject_chart": "hbar_full"}, "timestamp": 1786616913528}
{"sessionId": "c865f9", "runId": "features", "hypothesisId": "A", "location": "app.py:load", "message": "Workbook loaded", "data": {"board_count": 15, "punjab_file": "None"}, "timestamp": 1786616928647}
{"sessionId": "c865f9", "runId": "features", "hypothesisId": "S", "location": "app.py:sidebar", "message": "Sidebar filters rendered", "data": {"board": "BISE Abbottabad", "year": 2024, "boards": 16}, "timestamp": 1786616929670}
{"sessionId": "c865f9", "runId": "post-fix", "hypothesisId": "B", "location": "app.py:board_totals", "message": "Board totals for selection", "data": {"board": "BISE Abbottabad", "year": 2024, "available_years": [2024, 2025, 2026], "appeared": 72305, "passed": 57981, "pass_pct": 80.19, "boys": 42797, "girls": 29508, "gender_rows": 2, "type_rows": 2, "type_cols": ["Candidate Type", "Appeared", "Passed", "Failed", "Pass %"]}, "timestamp": 1786616930731}
{"sessionId": "c865f9", "runId": "features", "hypothesisId": "J", "location": "app.py:donut_pie", "message": "Pie legend layout", "data": {"labels": 2, "margin_b": 90, "legend_orientation": "h", "legend_y": -0.18}, "timestamp": 1786616932014}
{"sessionId": "c865f9", "runId": "features", "hypothesisId": "J", "location": "app.py:donut_pie", "message": "Pie legend layout", "data": {"labels": 2, "margin_b": 90, "legend_orientation": "h", "legend_y": -0.18}, "timestamp": 1786616933108}
{"sessionId": "c865f9", "runId": "features", "hypothesisId": "K", "location": "app.py:pass_fail_hbar", "message": "Pass/fail bar layout", "data": {"title": false, "showlegend": false, "margin_t": 44, "margin_b": 52}, "timestamp": 1786616934165}
{"sessionId": "c865f9", "runId": "features", "hypothesisId": "K", "location": "app.py:pass_fail_hbar", "message": "Pass/fail bar layout", "data": {"title": false, "showlegend": false, "margin_t": 44, "margin_b": 52}, "timestamp": 1786616935212}
{"sessionId": "c865f9", "runId": "features", "hypothesisId": "I", "location": "app.py:charts_row", "message": "Two-chart rows rendered", "data": {"gender_pie": true, "type_bar": true}, "timestamp": 1786616936231}
{"sessionId": "c865f9", "runId": "features", "hypothesisId": "K", "location": "app.py:pass_fail_hbar", "message": "Pass/fail bar layout", "data": {"title": true, "showlegend": false, "margin_t": 72, "margin_b": 52}, "timestamp": 1786616937340}
{"sessionId": "c865f9", "runId": "features", "hypothesisId": "I", "location": "app.py:subject_bar", "message": "Subject horizontal bar rendered", "data": {"subjects": 25, "chart_type": "hbar"}, "timestamp": 1786616938500}
{"sessionId": "c865f9", "runId": "features", "hypothesisId": "H", "location": "app.py:board", "message": "Board page rendered", "data": {"board": "BISE Abbottabad", "insights": 6, "pie_sections": 2, "subject_chart": "hbar_full"}, "timestamp": 1786616939509}
{"sessionId": "c865f9", "runId": "features", "hypothesisId": "A", "location": "app.py:load", "message": "Workbook loaded", "data": {"board_count": 15, "punjab_file": "None"}, "timestamp": 1786616954822}
{"sessionId": "c865f9", "runId": "features", "hypothesisId": "S", "location": "app.py:sidebar", "message": "Sidebar filters rendered", "data": {"board": "Overview \u2014 All Boards", "year": 2024, "boards": 16}, "timestamp": 1786616955858}
{"sessionId": "c865f9", "runId": "features", "hypothesisId": "J", "location": "app.py:donut_pie", "message": "Pie legend layout", "data": {"labels": 15, "margin_b": 30, "legend_orientation": "v", "legend_y": 0.5}, "timestamp": 1786616956964}
{"sessionId": "c865f9", "runId": "features", "hypothesisId": "J", "location": "app.py:overview_share", "message": "Overview share chart", "data": {"boards": 15, "chart_type": "pie", "legend_orientation": "v", "margin_b": 30}, "timestamp": 1786616957973}
{"sessionId": "c865f9", "runId": "features", "hypothesisId": "G", "location": "app.py:overview", "message": "Overview rendered", "data": {"boards": 15}, "timestamp": 1786616960128}
{"sessionId": "c865f9", "runId": "features", "hypothesisId": "A", "location": "app.py:load", "message": "Workbook loaded", "data": {"board_count": 15, "punjab_file": "None"}, "timestamp": 1786616971532}
{"sessionId": "c865f9", "runId": "features", "hypothesisId": "S", "location": "app.py:sidebar", "message": "Sidebar filters rendered", "data": {"board": "Overview \u2014 All Boards", "year": 2025, "boards": 16}, "timestamp": 1786616972563}
{"sessionId": "c865f9", "runId": "features", "hypothesisId": "J", "location": "app.py:donut_pie", "message": "Pie legend layout", "data": {"labels": 13, "margin_b": 30, "legend_orientation": "v", "legend_y": 0.5}, "timestamp": 1786616973643}
{"sessionId": "c865f9", "runId": "features", "hypothesisId": "J", "location": "app.py:overview_share", "message": "Overview share chart", "data": {"boards": 13, "chart_type": "pie", "legend_orientation": "v", "margin_b": 30}, "timestamp": 1786616974655}
{"sessionId": "c865f9", "runId": "features", "hypothesisId": "G", "location": "app.py:overview", "message": "Overview rendered", "data": {"boards": 13}, "timestamp": 1786616976703}
{"sessionId": "c865f9", "runId": "features", "hypothesisId": "A", "location": "app.py:load", "message": "Workbook loaded", "data": {"board_count": 15, "punjab_file": "None"}, "timestamp": 1786616991128}
{"sessionId": "c865f9", "runId": "features", "hypothesisId": "S", "location": "app.py:sidebar", "message": "Sidebar filters rendered", "data": {"board": "Overview \u2014 All Boards", "year": 2026, "boards": 16}, "timestamp": 1786616992153}
{"sessionId": "c865f9", "runId": "features", "hypothesisId": "J", "location": "app.py:donut_pie", "message": "Pie legend layout", "data": {"labels": 15, "margin_b": 30, "legend_orientation": "v", "legend_y": 0.5}, "timestamp": 1786616993248}
{"sessionId": "c865f9", "runId": "features", "hypothesisId": "J", "location": "app.py:overview_share", "message": "Overview share chart", "data": {"boards": 15, "chart_type": "pie", "legend_orientation": "v", "margin_b": 30}, "timestamp": 1786616994261}
{"sessionId": "c865f9", "runId": "features", "hypothesisId": "G", "location": "app.py:overview", "message": "Overview rendered", "data": {"boards": 15}, "timestamp": 1786616996362}
{"sessionId": "c865f9", "runId": "features", "hypothesisId": "A", "location": "app.py:load", "message": "Workbook loaded", "data": {"board_count": 15, "punjab_file": "None"}, "timestamp": 1786617208254}
{"sessionId": "c865f9", "runId": "features", "hypothesisId": "S", "location": "app.py:sidebar", "message": "Sidebar filters rendered", "data": {"board": "Overview \u2014 All Boards", "year": "All Years", "boards": 16}, "timestamp": 1786617209295}
{"sessionId": "c865f9", "runId": "features", "hypothesisId": "J", "location": "app.py:donut_pie", "message": "Pie legend layout", "data": {"labels": 15, "margin_b": 115, "legend_orientation": "h", "legend_y": -0.02}, "timestamp": 1786617210424}
{"sessionId": "c865f9", "runId": "features", "hypothesisId": "J", "location": "app.py:overview_share", "message": "Overview share chart", "data": {"boards": 15, "chart_type": "pie", "legend_orientation": "h", "margin_b": 115}, "timestamp": 1786617211436}
{"sessionId": "c865f9", "runId": "features", "hypothesisId": "G", "location": "app.py:overview", "message": "Overview rendered", "data": {"boards": 15}, "timestamp": 1786617213475}
{"sessionId": "c865f9", "runId": "features", "hypothesisId": "A", "location": "app.py:load", "message": "Workbook loaded", "data": {"board_count": 15, "punjab_file": "None"}, "timestamp": 1786617474734}
{"sessionId": "c865f9", "runId": "features", "hypothesisId": "S", "location": "app.py:sidebar", "message": "Sidebar filters rendered", "data": {"board": "Overview \u2014 All Boards", "year": "All Years", "boards": 16}, "timestamp": 1786617475787}
{"sessionId": "c865f9", "runId": "features", "hypothesisId": "J", "location": "app.py:donut_pie", "message": "Pie legend layout", "data": {"labels": 15, "margin_b": 115, "legend_orientation": "h", "legend_y": -0.02}, "timestamp": 1786617476952}
{"sessionId": "c865f9", "runId": "features", "hypothesisId": "J", "location": "app.py:overview_share", "message": "Overview share chart", "data": {"boards": 15, "chart_type": "pie", "legend_orientation": "h", "margin_b": 115}, "timestamp": 1786617477968}
{"sessionId": "c865f9", "runId": "features", "hypothesisId": "G", "location": "app.py:overview", "message": "Overview rendered", "data": {"boards": 15}, "timestamp": 1786617480087}
{"sessionId": "c865f9", "runId": "features", "hypothesisId": "A", "location": "app.py:load", "message": "Workbook loaded", "data": {"board_count": 15, "punjab_file": "None"}, "timestamp": 1786617730479}
{"sessionId": "c865f9", "runId": "features", "hypothesisId": "S", "location": "app.py:sidebar", "message": "Sidebar filters rendered", "data": {"board": "Overview \u2014 All Boards", "year": "All Years", "boards": 16}, "timestamp": 1786617731527}
{"sessionId": "c865f9", "runId": "features", "hypothesisId": "J", "location": "app.py:donut_pie", "message": "Pie legend layout", "data": {"labels": 15, "margin_b": 115, "legend_orientation": "h", "legend_y": -0.02}, "timestamp": 1786617732640}
{"sessionId": "c865f9", "runId": "features", "hypothesisId": "J", "location": "app.py:overview_share", "message": "Overview share chart", "data": {"boards": 15, "chart_type": "pie", "legend_orientation": "h", "margin_b": 115}, "timestamp": 1786617733671}
{"sessionId": "c865f9", "runId": "features", "hypothesisId": "G", "location": "app.py:overview", "message": "Overview rendered", "data": {"boards": 15}, "timestamp": 1786617735775}
{"sessionId": "c865f9", "runId": "features", "hypothesisId": "A", "location": "app.py:load", "message": "Workbook loaded", "data": {"board_count": 15, "punjab_file": "None"}, "timestamp": 1786617844647}
{"sessionId": "c865f9", "runId": "features", "hypothesisId": "S", "location": "app.py:sidebar", "message": "Sidebar filters rendered", "data": {"board": "Overview \u2014 All Boards", "year": "All Years", "boards": 16}, "timestamp": 1786617845698}
{"sessionId": "c865f9", "runId": "features", "hypothesisId": "J", "location": "app.py:donut_pie", "message": "Pie legend layout", "data": {"labels": 15, "margin_b": 115, "legend_orientation": "h", "legend_y": -0.02}, "timestamp": 1786617846802}
{"sessionId": "c865f9", "runId": "features", "hypothesisId": "J", "location": "app.py:overview_share", "message": "Overview share chart", "data": {"boards": 15, "chart_type": "pie", "legend_orientation": "h", "margin_b": 115}, "timestamp": 1786617847815}
{"sessionId": "c865f9", "runId": "features", "hypothesisId": "G", "location": "app.py:overview", "message": "Overview rendered", "data": {"boards": 15}, "timestamp": 1786617849915}
{"sessionId": "c865f9", "runId": "features", "hypothesisId": "A", "location": "app.py:load", "message": "Workbook loaded", "data": {"board_count": 15, "punjab_file": "None"}, "timestamp": 1786617858512}
{"sessionId": "c865f9", "runId": "features", "hypothesisId": "S", "location": "app.py:sidebar", "message": "Sidebar filters rendered", "data": {"board": "BISE Abbottabad", "year": "All Years", "boards": 16}, "timestamp": 1786617859533}
{"sessionId": "c865f9", "runId": "post-fix", "hypothesisId": "B", "location": "app.py:board_totals", "message": "Board totals for selection", "data": {"board": "BISE Abbottabad", "year": null, "available_years": [2024, 2025, 2026], "appeared": 216983, "passed": 173447, "pass_pct": 47.96, "boys": 0, "girls": 0, "gender_rows": 0, "type_rows": 0, "type_cols": ["Candidate Type", "Appeared", "Passed", "Failed", "Pass %"]}, "timestamp": 1786617860610}
{"sessionId": "c865f9", "runId": "features", "hypothesisId": "J", "location": "app.py:donut_pie", "message": "Pie legend layout", "data": {"labels": 2, "margin_b": 90, "legend_orientation": "h", "legend_y": -0.18}, "timestamp": 1786617861958}
{"sessionId": "c865f9", "runId": "features", "hypothesisId": "I", "location": "app.py:charts_row", "message": "Two-chart rows rendered", "data": {"gender_pie": false, "type_bar": false}, "timestamp": 1786617862974}
{"sessionId": "c865f9", "runId": "features", "hypothesisId": "K", "location": "app.py:pass_fail_hbar", "message": "Pass/fail bar layout", "data": {"title": true, "showlegend": false, "margin_t": 72, "margin_b": 52}, "timestamp": 1786617864108}
{"sessionId": "c865f9", "runId": "features", "hypothesisId": "I", "location": "app.py:subject_bar", "message": "Subject horizontal bar rendered", "data": {"subjects": 25, "chart_type": "hbar"}, "timestamp": 1786617865254}
{"sessionId": "c865f9", "runId": "features", "hypothesisId": "H", "location": "app.py:board", "message": "Board page rendered", "data": {"board": "BISE Abbottabad", "insights": 4, "pie_sections": 2, "subject_chart": "hbar_full"}, "timestamp": 1786617866261}
{"sessionId": "c865f9", "runId": "features", "hypothesisId": "A", "location": "app.py:load", "message": "Workbook loaded", "data": {"board_count": 15, "punjab_file": "None"}, "timestamp": 1786618059383}
{"sessionId": "c865f9", "runId": "features", "hypothesisId": "S", "location": "app.py:sidebar", "message": "Sidebar filters rendered", "data": {"board": "Overview \u2014 All Boards", "year": "All Years", "boards": 16}, "timestamp": 1786618060426}
{"sessionId": "c865f9", "runId": "features", "hypothesisId": "J", "location": "app.py:donut_pie", "message": "Pie legend layout", "data": {"labels": 15, "margin_b": 115, "legend_orientation": "h", "legend_y": -0.02}, "timestamp": 1786618061555}
{"sessionId": "c865f9", "runId": "features", "hypothesisId": "J", "location": "app.py:overview_share", "message": "Overview share chart", "data": {"boards": 15, "chart_type": "pie", "legend_orientation": "h", "margin_b": 115}, "timestamp": 1786618062564}
{"sessionId": "c865f9", "runId": "features", "hypothesisId": "G", "location": "app.py:overview", "message": "Overview rendered", "data": {"boards": 15}, "timestamp": 1786618064664}
{"sessionId": "c865f9", "runId": "features", "hypothesisId": "A", "location": "app.py:load", "message": "Workbook loaded", "data": {"board_count": 15, "punjab_file": "None"}, "timestamp": 1786618398722}
{"sessionId": "c865f9", "runId": "features", "hypothesisId": "S", "location": "app.py:sidebar", "message": "Sidebar filters rendered", "data": {"board": "Overview \u2014 All Boards", "year": "All Years", "boards": 16}, "timestamp": 1786618399774}
{"sessionId": "c865f9", "runId": "features", "hypothesisId": "J", "location": "app.py:donut_pie", "message": "Pie legend layout", "data": {"labels": 15, "margin_b": 115, "legend_orientation": "h", "legend_y": -0.02}, "timestamp": 1786618400885}
{"sessionId": "c865f9", "runId": "features", "hypothesisId": "J", "location": "app.py:overview_share", "message": "Overview share chart", "data": {"boards": 15, "chart_type": "pie", "legend_orientation": "h", "margin_b": 115}, "timestamp": 1786618401892}
{"sessionId": "c865f9", "runId": "features", "hypothesisId": "G", "location": "app.py:overview", "message": "Overview rendered", "data": {"boards": 15}, "timestamp": 1786618403908}
{"sessionId": "c865f9", "runId": "features", "hypothesisId": "A", "location": "app.py:load", "message": "Workbook loaded", "data": {"board_count": 15, "punjab_file": "None"}, "timestamp": 1786618559077}
{"sessionId": "c865f9", "runId": "features", "hypothesisId": "S", "location": "app.py:sidebar", "message": "Sidebar filters rendered", "data": {"board": "Overview \u2014 All Boards", "year": "All Years", "boards": 16}, "timestamp": 1786618560107}
{"sessionId": "c865f9", "runId": "features", "hypothesisId": "J", "location": "app.py:donut_pie", "message": "Pie legend layout", "data": {"labels": 15, "margin_b": 115, "legend_orientation": "h", "legend_y": -0.02}, "timestamp": 1786618561217}
{"sessionId": "c865f9", "runId": "features", "hypothesisId": "J", "location": "app.py:overview_share", "message": "Overview share chart", "data": {"boards": 15, "chart_type": "pie", "legend_orientation": "h", "margin_b": 115}, "timestamp": 1786618562230}
{"sessionId": "c865f9", "runId": "features", "hypothesisId": "G", "location": "app.py:overview", "message": "Overview rendered", "data": {"boards": 15}, "timestamp": 1786618564258}
{"sessionId": "c865f9", "runId": "features", "hypothesisId": "A", "location": "app.py:load", "message": "Workbook loaded", "data": {"board_count": 15, "punjab_file": "None"}, "timestamp": 1786618986357}
{"sessionId": "c865f9", "runId": "features", "hypothesisId": "S", "location": "app.py:sidebar", "message": "Sidebar filters rendered", "data": {"board": "BISE Abbottabad", "year": "All Years", "boards": 16}, "timestamp": 1786618987401}
{"sessionId": "c865f9", "runId": "post-fix", "hypothesisId": "B", "location": "app.py:board_totals", "message": "Board totals for selection", "data": {"board": "BISE Abbottabad", "year": null, "available_years": [2024, 2025, 2026], "appeared": 216983, "passed": 173447, "pass_pct": 47.96, "boys": 0, "girls": 0, "gender_rows": 0, "type_rows": 0, "type_cols": ["Candidate Type", "Appeared", "Passed", "Failed", "Pass %"]}, "timestamp": 1786618988500}
{"sessionId": "c865f9", "runId": "features", "hypothesisId": "J", "location": "app.py:donut_pie", "message": "Pie legend layout", "data": {"labels": 2, "margin_b": 90, "legend_orientation": "h", "legend_y": -0.18}, "timestamp": 1786618989667}
{"sessionId": "c865f9", "runId": "features", "hypothesisId": "I", "location": "app.py:charts_row", "message": "Two-chart rows rendered", "data": {"gender_pie": false, "type_bar": false}, "timestamp": 1786618990686}
{"sessionId": "c865f9", "runId": "features", "hypothesisId": "K", "location": "app.py:pass_fail_hbar", "message": "Pass/fail bar layout", "data": {"title": true, "showlegend": false, "margin_t": 72, "margin_b": 52}, "timestamp": 1786618991797}
{"sessionId": "c865f9", "runId": "features", "hypothesisId": "I", "location": "app.py:subject_bar", "message": "Subject horizontal bar rendered", "data": {"subjects": 25, "chart_type": "hbar"}, "timestamp": 1786618992934}
{"sessionId": "c865f9", "runId": "features", "hypothesisId": "H", "location": "app.py:board", "message": "Board page rendered", "data": {"board": "BISE Abbottabad", "insights": 4, "pie_sections": 2, "subject_chart": "hbar_full"}, "timestamp": 1786618993947}
{"sessionId": "c865f9", "runId": "features", "hypothesisId": "A", "location": "app.py:load", "message": "Workbook loaded", "data": {"board_count": 15, "punjab_file": "None"}, "timestamp": 1786618999740}
{"sessionId": "c865f9", "runId": "features", "hypothesisId": "S", "location": "app.py:sidebar", "message": "Sidebar filters rendered", "data": {"board": "BISE Bannu", "year": "All Years", "boards": 16}, "timestamp": 1786619000753}
{"sessionId": "c865f9", "runId": "post-fix", "hypothesisId": "B", "location": "app.py:board_totals", "message": "Board totals for selection", "data": {"board": "BISE Bannu", "year": null, "available_years": [2024, 2025, 2026], "appeared": 87039, "passed": 73119, "pass_pct": 84.09, "boys": 66996, "girls": 20043, "gender_rows": 2, "type_rows": 2, "type_cols": ["Candidate Type", "Appeared", "Passed", "Failed", "Pass %"]}, "timestamp": 1786619001831}
{"sessionId": "c865f9", "runId": "features", "hypothesisId": "J", "location": "app.py:donut_pie", "message": "Pie legend layout", "data": {"labels": 2, "margin_b": 90, "legend_orientation": "h", "legend_y": -0.18}, "timestamp": 1786619003001}
{"sessionId": "c865f9", "runId": "features", "hypothesisId": "J", "location": "app.py:donut_pie", "message": "Pie legend layout", "data": {"labels": 2, "margin_b": 90, "legend_orientation": "h", "legend_y": -0.18}, "timestamp": 1786619004026}
{"sessionId": "c865f9", "runId": "features", "hypothesisId": "K", "location": "app.py:pass_fail_hbar", "message": "Pass/fail bar layout", "data": {"title": false, "showlegend": false, "margin_t": 44, "margin_b": 52}, "timestamp": 1786619005071}
{"sessionId": "c865f9", "runId": "features", "hypothesisId": "K", "location": "app.py:pass_fail_hbar", "message": "Pass/fail bar layout", "data": {"title": false, "showlegend": false, "margin_t": 44, "margin_b": 52}, "timestamp": 1786619006115}
{"sessionId": "c865f9", "runId": "features", "hypothesisId": "I", "location": "app.py:charts_row", "message": "Two-chart rows rendered", "data": {"gender_pie": true, "type_bar": true}, "timestamp": 1786619007127}
{"sessionId": "c865f9", "runId": "features", "hypothesisId": "K", "location": "app.py:pass_fail_hbar", "message": "Pass/fail bar layout", "data": {"title": true, "showlegend": false, "margin_t": 72, "margin_b": 52}, "timestamp": 1786619008278}
{"sessionId": "c865f9", "runId": "features", "hypothesisId": "H", "location": "app.py:board", "message": "Board page rendered", "data": {"board": "BISE Bannu", "insights": 5, "pie_sections": 2, "subject_chart": "hbar_full"}, "timestamp": 1786619009393}
{"sessionId": "c865f9", "runId": "features", "hypothesisId": "A", "location": "app.py:load", "message": "Workbook loaded", "data": {"board_count": 15, "punjab_file": "None"}, "timestamp": 1786619147745}
{"sessionId": "c865f9", "runId": "features", "hypothesisId": "S", "location": "app.py:sidebar", "message": "Sidebar filters rendered", "data": {"board": "Overview \u2014 All Boards", "year": "All Years", "boards": 16}, "timestamp": 1786619148785}
{"sessionId": "c865f9", "runId": "features", "hypothesisId": "J", "location": "app.py:donut_pie", "message": "Pie legend layout", "data": {"labels": 15, "margin_b": 115, "legend_orientation": "h", "legend_y": -0.02}, "timestamp": 1786619149903}
{"sessionId": "c865f9", "runId": "features", "hypothesisId": "J", "location": "app.py:overview_share", "message": "Overview share chart", "data": {"boards": 15, "chart_type": "pie", "legend_orientation": "h", "margin_b": 115}, "timestamp": 1786619150911}
{"sessionId": "c865f9", "runId": "features", "hypothesisId": "G", "location": "app.py:overview", "message": "Overview rendered", "data": {"boards": 15}, "timestamp": 1786619153004}
{"sessionId": "c865f9", "runId": "features", "hypothesisId": "A", "location": "app.py:load", "message": "Workbook loaded", "data": {"board_count": 15, "punjab_file": "None"}, "timestamp": 1786619840594}
{"sessionId": "c865f9", "runId": "features", "hypothesisId": "S", "location": "app.py:sidebar", "message": "Sidebar filters rendered", "data": {"board": "Overview \u2014 All Boards", "year": "All Years", "boards": 16}, "timestamp": 1786619841647}
{"sessionId": "c865f9", "runId": "features", "hypothesisId": "J", "location": "app.py:donut_pie", "message": "Pie legend layout", "data": {"labels": 15, "margin_b": 115, "legend_orientation": "h", "legend_y": -0.02}, "timestamp": 1786619842759}
{"sessionId": "c865f9", "runId": "features", "hypothesisId": "J", "location": "app.py:overview_share", "message": "Overview share chart", "data": {"boards": 15, "chart_type": "pie", "legend_orientation": "h", "margin_b": 115}, "timestamp": 1786619843766}
{"sessionId": "c865f9", "runId": "features", "hypothesisId": "G", "location": "app.py:overview", "message": "Overview rendered", "data": {"boards": 15}, "timestamp": 1786619845898}
{"sessionId": "c865f9", "runId": "features", "hypothesisId": "A", "location": "app.py:load", "message": "Workbook loaded", "data": {"board_count": 15, "punjab_file": "None"}, "timestamp": 1786620327928}
{"sessionId": "c865f9", "runId": "features", "hypothesisId": "S", "location": "app.py:sidebar", "message": "Sidebar filters rendered", "data": {"board": "Overview \u2014 All Boards", "year": "All Years", "boards": 16}, "timestamp": 1786620328958}
{"sessionId": "c865f9", "runId": "features", "hypothesisId": "J", "location": "app.py:donut_pie", "message": "Pie legend layout", "data": {"labels": 15, "margin_b": 115, "legend_orientation": "h", "legend_y": -0.02}, "timestamp": 1786620330078}
{"sessionId": "c865f9", "runId": "features", "hypothesisId": "J", "location": "app.py:overview_share", "message": "Overview share chart", "data": {"boards": 15, "chart_type": "pie", "legend_orientation": "h", "margin_b": 115}, "timestamp": 1786620331085}
{"sessionId": "c865f9", "runId": "features", "hypothesisId": "G", "location": "app.py:overview", "message": "Overview rendered", "data": {"boards": 15}, "timestamp": 1786620333181}
{"sessionId": "c865f9", "runId": "features", "hypothesisId": "A", "location": "app.py:load", "message": "Workbook loaded", "data": {"board_count": 15, "punjab_file": "None"}, "timestamp": 1786620389013}
{"sessionId": "c865f9", "runId": "features", "hypothesisId": "S", "location": "app.py:sidebar", "message": "Sidebar filters rendered", "data": {"board": "Overview \u2014 All Boards", "year": "All Years", "boards": 16}, "timestamp": 1786620390076}
{"sessionId": "c865f9", "runId": "features", "hypothesisId": "J", "location": "app.py:donut_pie", "message": "Pie legend layout", "data": {"labels": 15, "margin_b": 115, "legend_orientation": "h", "legend_y": -0.02}, "timestamp": 1786620391326}
{"sessionId": "c865f9", "runId": "features", "hypothesisId": "J", "location": "app.py:overview_share", "message": "Overview share chart", "data": {"boards": 15, "chart_type": "pie", "legend_orientation": "h", "margin_b": 115}, "timestamp": 1786620392336}
{"sessionId": "c865f9", "runId": "features", "hypothesisId": "G", "location": "app.py:overview", "message": "Overview rendered", "data": {"boards": 15}, "timestamp": 1786620394591}
{"sessionId": "c865f9", "runId": "features", "hypothesisId": "A", "location": "app.py:load", "message": "Workbook loaded", "data": {"board_count": 15, "punjab_file": "None"}, "timestamp": 1786620484834}
{"sessionId": "c865f9", "runId": "features", "hypothesisId": "S", "location": "app.py:sidebar", "message": "Sidebar filters rendered", "data": {"board": "BISE Bahawalpur", "year": "All Years", "boards": 16}, "timestamp": 1786620485855}
{"sessionId": "c865f9", "runId": "post-fix", "hypothesisId": "B", "location": "app.py:board_totals", "message": "Board totals for selection", "data": {"board": "BISE Bahawalpur", "year": null, "available_years": [2024, 2025, 2026], "appeared": 281978, "passed": 197764, "pass_pct": 70.14, "boys": 133734, "girls": 148244, "gender_rows": 2, "type_rows": 2, "type_cols": ["Candidate Type", "Appeared", "Passed", "Failed", "Pass %"]}, "timestamp": 1786620486953}
{"sessionId": "c865f9", "runId": "features", "hypothesisId": "J", "location": "app.py:donut_pie", "message": "Pie legend layout", "data": {"labels": 2, "margin_b": 90, "legend_orientation": "h", "legend_y": -0.18}, "timestamp": 1786620488430}
{"sessionId": "c865f9", "runId": "features", "hypothesisId": "J", "location": "app.py:donut_pie", "message": "Pie legend layout", "data": {"labels": 2, "margin_b": 90, "legend_orientation": "h", "legend_y": -0.18}, "timestamp": 1786620489449}
{"sessionId": "c865f9", "runId": "features", "hypothesisId": "K", "location": "app.py:pass_fail_hbar", "message": "Pass/fail bar layout", "data": {"title": false, "showlegend": false, "margin_t": 44, "margin_b": 52}, "timestamp": 1786620490500}
{"sessionId": "c865f9", "runId": "features", "hypothesisId": "K", "location": "app.py:pass_fail_hbar", "message": "Pass/fail bar layout", "data": {"title": false, "showlegend": false, "margin_t": 44, "margin_b": 52}, "timestamp": 1786620491534}
{"sessionId": "c865f9", "runId": "features", "hypothesisId": "I", "location": "app.py:charts_row", "message": "Two-chart rows rendered", "data": {"gender_pie": true, "type_bar": true}, "timestamp": 1786620492543}
{"sessionId": "c865f9", "runId": "features", "hypothesisId": "K", "location": "app.py:pass_fail_hbar", "message": "Pass/fail bar layout", "data": {"title": true, "showlegend": false, "margin_t": 72, "margin_b": 52}, "timestamp": 1786620493656}
{"sessionId": "c865f9", "runId": "features", "hypothesisId": "I", "location": "app.py:subject_bar", "message": "Subject horizontal bar rendered", "data": {"subjects": 79, "chart_type": "hbar"}, "timestamp": 1786620494801}
{"sessionId": "c865f9", "runId": "features", "hypothesisId": "H", "location": "app.py:board", "message": "Board page rendered", "data": {"board": "BISE Bahawalpur", "insights": 6, "pie_sections": 2, "subject_chart": "hbar_full"}, "timestamp": 1786620495813}
{"sessionId": "c865f9", "runId": "features", "hypothesisId": "A", "location": "app.py:load", "message": "Workbook loaded", "data": {"board_count": 15, "punjab_file": "None"}, "timestamp": 1786620509989}
{"sessionId": "c865f9", "runId": "features", "hypothesisId": "A", "location": "app.py:load", "message": "Workbook loaded", "data": {"board_count": 15, "punjab_file": "None"}, "timestamp": 1786620519215}
{"sessionId": "c865f9", "runId": "features", "hypothesisId": "A", "location": "app.py:load", "message": "Workbook loaded", "data": {"board_count": 15, "punjab_file": "None"}, "timestamp": 1786620521555}
{"sessionId": "c865f9", "runId": "features", "hypothesisId": "A", "location": "app.py:load", "message": "Workbook loaded", "data": {"board_count": 15, "punjab_file": "None"}, "timestamp": 1786620521819}
{"sessionId": "c865f9", "runId": "features", "hypothesisId": "A", "location": "app.py:load", "message": "Workbook loaded", "data": {"board_count": 15, "punjab_file": "None"}, "timestamp": 1786620521864}
{"sessionId": "c865f9", "runId": "features", "hypothesisId": "S", "location": "app.py:sidebar", "message": "Sidebar filters rendered", "data": {"board": "BISE Bahawalpur", "year": "All Years", "boards": 16}, "timestamp": 1786620522945}
{"sessionId": "c865f9", "runId": "post-fix", "hypothesisId": "B", "location": "app.py:board_totals", "message": "Board totals for selection", "data": {"board": "BISE Bahawalpur", "year": null, "available_years": [2024, 2025, 2026], "appeared": 281978, "passed": 197764, "pass_pct": 70.14, "boys": 133734, "girls": 148244, "gender_rows": 2, "type_rows": 2, "type_cols": ["Candidate Type", "Appeared", "Passed", "Failed", "Pass %"]}, "timestamp": 1786620524048}
{"sessionId": "c865f9", "runId": "features", "hypothesisId": "J", "location": "app.py:donut_pie", "message": "Pie legend layout", "data": {"labels": 2, "margin_b": 90, "legend_orientation": "h", "legend_y": -0.18}, "timestamp": 1786620525634}
{"sessionId": "c865f9", "runId": "features", "hypothesisId": "J", "location": "app.py:donut_pie", "message": "Pie legend layout", "data": {"labels": 2, "margin_b": 90, "legend_orientation": "h", "legend_y": -0.18}, "timestamp": 1786620526663}
{"sessionId": "c865f9", "runId": "features", "hypothesisId": "K", "location": "app.py:pass_fail_hbar", "message": "Pass/fail bar layout", "data": {"title": false, "showlegend": false, "margin_t": 44, "margin_b": 52}, "timestamp": 1786620527700}
{"sessionId": "c865f9", "runId": "features", "hypothesisId": "K", "location": "app.py:pass_fail_hbar", "message": "Pass/fail bar layout", "data": {"title": false, "showlegend": false, "margin_t": 44, "margin_b": 52}, "timestamp": 1786620528725}
{"sessionId": "c865f9", "runId": "features", "hypothesisId": "I", "location": "app.py:charts_row", "message": "Two-chart rows rendered", "data": {"gender_pie": true, "type_bar": true}, "timestamp": 1786620529756}
{"sessionId": "c865f9", "runId": "features", "hypothesisId": "K", "location": "app.py:pass_fail_hbar", "message": "Pass/fail bar layout", "data": {"title": true, "showlegend": false, "margin_t": 72, "margin_b": 52}, "timestamp": 1786620530864}
{"sessionId": "c865f9", "runId": "features", "hypothesisId": "I", "location": "app.py:subject_bar", "message": "Subject horizontal bar rendered", "data": {"subjects": 79, "chart_type": "hbar"}, "timestamp": 1786620531982}
{"sessionId": "c865f9", "runId": "features", "hypothesisId": "H", "location": "app.py:board", "message": "Board page rendered", "data": {"board": "BISE Bahawalpur", "insights": 6, "pie_sections": 2, "subject_chart": "hbar_full"}, "timestamp": 1786620532990}
{"sessionId": "c865f9", "runId": "features", "hypothesisId": "A", "location": "app.py:load", "message": "Workbook loaded", "data": {"board_count": 15, "punjab_file": "None"}, "timestamp": 1786620544881}
{"sessionId": "c865f9", "runId": "features", "hypothesisId": "S", "location": "app.py:sidebar", "message": "Sidebar filters rendered", "data": {"board": "BISE Bahawalpur", "year": "All Years", "boards": 16}, "timestamp": 1786620545903}
{"sessionId": "c865f9", "runId": "post-fix", "hypothesisId": "B", "location": "app.py:board_totals", "message": "Board totals for selection", "data": {"board": "BISE Bahawalpur", "year": null, "available_years": [2024, 2025, 2026], "appeared": 281978, "passed": 197764, "pass_pct": 70.14, "boys": 133734, "girls": 148244, "gender_rows": 2, "type_rows": 2, "type_cols": ["Candidate Type", "Appeared", "Passed", "Failed", "Pass %"]}, "timestamp": 1786620547012}
{"sessionId": "c865f9", "runId": "features", "hypothesisId": "A", "location": "app.py:load", "message": "Workbook loaded", "data": {"board_count": 15, "punjab_file": "None"}, "timestamp": 1786620550711}
{"sessionId": "c865f9", "runId": "features", "hypothesisId": "S", "location": "app.py:sidebar", "message": "Sidebar filters rendered", "data": {"board": "BISE Bahawalpur", "year": "All Years", "boards": 16}, "timestamp": 1786620551737}
{"sessionId": "c865f9", "runId": "post-fix", "hypothesisId": "B", "location": "app.py:board_totals", "message": "Board totals for selection", "data": {"board": "BISE Bahawalpur", "year": null, "available_years": [2024, 2025, 2026], "appeared": 281978, "passed": 197764, "pass_pct": 70.14, "boys": 133734, "girls": 148244, "gender_rows": 2, "type_rows": 2, "type_cols": ["Candidate Type", "Appeared", "Passed", "Failed", "Pass %"]}, "timestamp": 1786620552832}
{"sessionId": "c865f9", "runId": "features", "hypothesisId": "J", "location": "app.py:donut_pie", "message": "Pie legend layout", "data": {"labels": 2, "margin_b": 90, "legend_orientation": "h", "legend_y": -0.18}, "timestamp": 1786620554495}
{"sessionId": "c865f9", "runId": "features", "hypothesisId": "J", "location": "app.py:donut_pie", "message": "Pie legend layout", "data": {"labels": 2, "margin_b": 90, "legend_orientation": "h", "legend_y": -0.18}, "timestamp": 1786620555528}
{"sessionId": "c865f9", "runId": "features", "hypothesisId": "K", "location": "app.py:pass_fail_hbar", "message": "Pass/fail bar layout", "data": {"title": false, "showlegend": false, "margin_t": 44, "margin_b": 52}, "timestamp": 1786620556560}
{"sessionId": "c865f9", "runId": "features", "hypothesisId": "K", "location": "app.py:pass_fail_hbar", "message": "Pass/fail bar layout", "data": {"title": false, "showlegend": false, "margin_t": 44, "margin_b": 52}, "timestamp": 1786620557616}
{"sessionId": "c865f9", "runId": "features", "hypothesisId": "I", "location": "app.py:charts_row", "message": "Two-chart rows rendered", "data": {"gender_pie": true, "type_bar": true}, "timestamp": 1786620558625}
{"sessionId": "c865f9", "runId": "features", "hypothesisId": "K", "location": "app.py:pass_fail_hbar", "message": "Pass/fail bar layout", "data": {"title": true, "showlegend": false, "margin_t": 72, "margin_b": 52}, "timestamp": 1786620559748}
{"sessionId": "c865f9", "runId": "features", "hypothesisId": "I", "location": "app.py:subject_bar", "message": "Subject horizontal bar rendered", "data": {"subjects": 79, "chart_type": "hbar"}, "timestamp": 1786620560859}
{"sessionId": "c865f9", "runId": "features", "hypothesisId": "H", "location": "app.py:board", "message": "Board page rendered", "data": {"board": "BISE Bahawalpur", "insights": 6, "pie_sections": 2, "subject_chart": "hbar_full"}, "timestamp": 1786620561875}
